// Jest Snapshot v1, https://goo.gl/fbAQLP

exports[`Pruebas de <GifItem/> debe hacer match con el snapshot 1`] = `
<div>
  <div
    class=" bg-white shadow-lg rounded-md  flex flex-col items-center overflow-hidden h-96"
  >
    <img
      alt="Un titulo"
      aria-label="gif"
      class="object-cover object-center  w-full flex-1"
      src="https://localhost/algo.jpg"
    />
  </div>
</div>
`;
